^ 103 : 2 4.4335 664.1875 4.4335 (2013 - 2014)
^ 106 : 2 3.5502 590.3888888888889 3.5502 (2016 - 2017)
^ 11 : 2 3.7552 279.6578947368421 3.7552 (2017 - 2018)
^ 112 : 2 4.5613 759.0714285714286 4.5613 (2010 - 2011)
^ 113 : 2 3.3243 885.5833333333334 3.3243 (2013 - 2014)
^ 115 : 4 4.4455 136.24358974358975 4.4455 (2018 - )
^ 120 : 5 8.8709 279.6578947368421 8.8709 (2010 - 2014)
^ 123 : 5 10.2757 241.52272727272728 10.2757 (2010 - 2014)
^ 131 : 3 3.0283 1062.7 3.0283 (2010 - 2012)
^ 133 : 4 14.3752 204.3653846153846 14.3752 (2010 - 2013)
^ 148 : 4 12.6121 204.3653846153846 12.6121 (2011 - 2014)
^ 156 : 2 3.5232 379.5357142857143 3.5232 (2015 - 2016)
^ 157 : 4 10.9504 36.14625850340136 10.9504 (2018 - )
^ 158 : 5 10.7442 231.02173913043478 10.7442 (2010 - 2014)
^ 167 : 6 2.8782 442.7916666666667 2.8782 (2011 - 2016)
^ 17 : 6 11.1405 73.79861111111111 11.1405 (2010 - 2015)
^ 173 : 3 4.44 531.35 4.44 (2013 - 2015)
^ 174 : 2 4.4419 74.83802816901408 4.4419 (2016 - 2017)
^ 187 : 4 4.3628 61.07471264367816 4.3628 (2018 - )
^ 193 : 5 5.9332 161.0151515151515 5.9332 (2017 - )
^ 195 : 5 3.702 379.5357142857143 3.702 (2012 - 2016)
^ 2 : 2 7.8246 442.7916666666667 7.8246 (2010 - 2011)
^ 20 : 2 5.1565 354.23333333333335 5.1565 (2017 - 2018)
^ 201 : 3 5.0673 177.11666666666667 5.0673 (2015 - 2017)
^ 209 : 2 3.7795 483.04545454545456 3.7795 (2017 - 2018)
^ 211 : 3 5.836 332.09375 5.836 (2014 - 2016)
^ 22 : 5 3.869 143.6081081081081 3.869 (2017 - )
^ 224 : 4 5.5039 177.11666666666667 5.5039 (2018 - )
^ 225 : 2 5.4614 177.11666666666667 5.4614 (2017 - 2018)
^ 227 : 3 7.8822 408.7307692307692 7.8822 (2010 - 2012)
^ 232 : 4 6.7792 156.27941176470588 6.7792 (2014 - 2017)
^ 236 : 4 20.1419 68.12179487179488 20.1419 (2018 - )
^ 24 : 6 28.3788 67.25949367088607 28.3788 (2010 - 2015)
^ 245 : 2 3.1554 664.1875 3.1554 (2016 - 2017)
^ 249 : 5 4.6707 204.3653846153846 4.6707 (2017 - )
^ 253 : 3 3.6446 531.35 3.6446 (2014 - 2016)
^ 263 : 6 4.6296 408.7307692307692 4.6296 (2010 - 2015)
^ 265 : 3 3.1263 483.04545454545456 3.1263 (2015 - 2017)
^ 266 : 3 5.5947 483.04545454545456 5.5947 (2012 - 2014)
^ 273 : 4 4.4862 408.7307692307692 4.4862 (2018 - )
^ 277 : 6 15.3923 37.41901408450704 15.3923 (2010 - 2015)
^ 279 : 5 8.8709 279.6578947368421 8.8709 (2010 - 2014)
^ 282 : 5 6.9996 354.23333333333335 6.9996 (2010 - 2014)
^ 287 : 3 3.0927 113.05319148936171 3.0927 (2012 - 2014)
^ 289 : 4 5.1777 354.23333333333335 5.1777 (2018 - )
^ 298 : 2 3.1435 354.23333333333335 3.1435 (2016 - 2017)
^ 3 : 2 3.8788 759.0714285714286 3.8788 (2013 - 2014)
^ 301 : 2 4.7501 664.1875 4.7501 (2012 - 2013)
^ 307 : 3 5.1241 590.3888888888889 5.1241 (2011 - 2013)
^ 308 : 2 4.4678 408.7307692307692 4.4678 (2017 - 2018)
^ 309 : 4 3.1042 590.3888888888889 3.1042 (2018 - )
^ 31 : 3 7.2988 265.675 7.2988 (2014 - 2016)
^ 320 : 2 3.7407 885.5833333333334 3.7407 (2011 - 2012)
^ 324 : 2 3.0915 590.3888888888889 3.0915 (2017 - 2018)
^ 338 : 5 2.8708 332.09375 2.8708 (2017 - )
^ 342 : 3 3.4877 483.04545454545456 3.4877 (2011 - 2013)
^ 347 : 4 4.1406 442.7916666666667 4.1406 (2018 - )
^ 350 : 4 4.9647 590.3888888888889 4.9647 (2010 - 2013)
^ 351 : 4 3.5362 151.81428571428572 3.5362 (2012 - 2015)
^ 353 : 4 2.9027 885.5833333333334 2.9027 (2011 - 2014)
^ 363 : 4 6.9081 265.675 6.9081 (2018 - )
^ 366 : 4 3.4496 531.35 3.4496 (2018 - )
^ 368 : 3 3.9805 379.5357142857143 3.9805 (2015 - 2017)
^ 371 : 2 4.048 590.3888888888889 4.048 (2015 - 2016)
^ 374 : 4 3.1042 590.3888888888889 3.1042 (2018 - )
^ 381 : 4 5.1274 51.09134615384615 5.1274 (2018 - )
^ 382 : 2 3.1435 354.23333333333335 3.1435 (2016 - 2017)
^ 384 : 3 3.3554 221.39583333333334 3.3554 (2015 - 2017)
^ 389 : 5 6.6556 143.6081081081081 6.6556 (2017 - )
^ 394 : 3 2.8418 531.35 2.8418 (2015 - 2017)
^ 396 : 4 3.795 483.04545454545456 3.795 (2018 - )
^ 399 : 4 5.9769 354.23333333333335 5.9769 (2012 - 2015)
^ 4 : 4 6.0578 106.27 6.0578 (2012 - 2015)
^ 400 : 5 4.4842 102.1826923076923 4.4842 (2017 - )
^ 404 : 3 4.1979 265.675 4.1979 (2016 - 2018)
^ 409 : 3 5.7742 408.7307692307692 5.7742 (2013 - 2015)
^ 411 : 4 7.3633 87.10655737704919 7.3633 (2011 - 2014)
^ 414 : 4 3.4496 531.35 3.4496 (2018 - )
^ 418 : 4 4.4543 408.7307692307692 4.4543 (2018 - )
^ 426 : 2 4.4335 664.1875 4.4335 (2013 - 2014)
^ 432 : 4 8.2811 354.23333333333335 8.2811 (2010 - 2013)
^ 433 : 4 6.7928 221.39583333333334 6.7928 (2012 - 2015)
^ 443 : 4 4.5797 231.02173913043478 4.5797 (2014 - 2017)
^ 444 : 4 8.9111 55.348958333333336 8.9111 (2018 - )
^ 445 : 2 6.3011 379.5357142857143 6.3011 (2015 - 2016)
^ 448 : 3 3.4147 885.5833333333334 3.4147 (2011 - 2013)
^ 451 : 4 6.1807 120.76136363636364 6.1807 (2018 - )
^ 47 : 2 4.989 664.1875 4.989 (2011 - 2012)
^ 472 : 4 3.795 483.04545454545456 3.795 (2018 - )
^ 474 : 5 7.949 177.11666666666667 7.949 (2012 - 2016)
^ 478 : 4 10.0286 183.22413793103448 10.0286 (2018 - )
^ 487 : 2 4.4984 531.35 4.4984 (2015 - 2016)
^ 488 : 4 3.4496 531.35 3.4496 (2018 - )
^ 49 : 2 5.501 332.09375 5.501 (2017 - 2018)
^ 492 : 4 3.0976 161.0151515151515 3.0976 (2014 - 2017)
^ 494 : 2 4.4455 212.54 4.4455 (2012 - 2013)
^ 499 : 3 3.1263 483.04545454545456 3.1263 (2015 - 2017)
^ 5 : 2 3.6589 442.7916666666667 3.6589 (2010 - 2011)
^ 509 : 4 4.8404 531.35 4.8404 (2011 - 2014)
^ 512 : 4 3.4496 531.35 3.4496 (2018 - )
^ 513 : 4 6.0146 531.35 6.0146 (2009 - 2012)
^ 519 : 4 3.795 483.04545454545456 3.795 (2018 - )
^ 52 : 2 4.4257 265.675 4.4257 (2016 - 2017)
^ 526 : 2 4.7501 664.1875 4.7501 (2012 - 2013)
^ 528 : 4 5.1174 96.60909090909091 5.1174 (2018 - )
^ 535 : 2 3.9738 354.23333333333335 3.9738 (2015 - 2016)
^ 54 : 2 5.9392 531.35 5.9392 (2012 - 2013)
^ 540 : 5 6.8856 204.3653846153846 6.8856 (2012 - 2016)
^ 542 : 4 3.4496 531.35 3.4496 (2018 - )
^ 547 : 2 3.1168 1062.7 3.1168 (2011 - 2012)
^ 548 : 2 4.8964 143.6081081081081 4.8964 (2016 - 2017)
^ 549 : 4 4.9647 590.3888888888889 4.9647 (2010 - 2013)
^ 554 : 5 12.4805 113.05319148936171 12.4805 (2012 - 2016)
^ 56 : 5 4.3407 118.07777777777778 4.3407 (2011 - 2015)
^ 562 : 4 3.7681 483.04545454545456 3.7681 (2018 - )
^ 564 : 4 13.9831 151.81428571428572 13.9831 (2012 - 2015)
^ 565 : 5 3.5902 265.675 3.5902 (2017 - )
^ 566 : 4 7.5918 177.11666666666667 7.5918 (2018 - )
^ 571 : 2 3.7299 332.09375 3.7299 (2015 - 2016)
^ 572 : 2 3.9738 354.23333333333335 3.9738 (2015 - 2016)
^ 574 : 3 3.1465 354.23333333333335 3.1465 (2016 - 2018)
^ 582 : 5 11.6167 171.40322580645162 11.6167 (2011 - 2015)
^ 584 : 3 3.4226 312.55882352941177 3.4226 (2014 - 2016)
^ 587 : 3 5.3294 442.7916666666667 5.3294 (2013 - 2015)
^ 588 : 4 11.1796 221.39583333333334 11.1796 (2010 - 2013)
^ 59 : 3 5.558 212.54 5.558 (2013 - 2015)
^ 592 : 4 30.0736 34.06089743589744 30.0736 (2018 - )
^ 595 : 6 4.3206 295.19444444444446 4.3206 (2011 - 2016)
^ 599 : 5 2.7802 126.51190476190476 2.7802 (2012 - 2016)
^ 604 : 2 6.8626 483.04545454545456 6.8626 (2011 - 2012)
^ 610 : 4 11.6029 253.02380952380952 11.6029 (2010 - 2013)
^ 617 : 3 6.0543 189.76785714285714 6.0543 (2014 - 2016)
^ 619 : 2 3.9452 531.35 3.9452 (2016 - 2017)
^ 62 : 5 3.737 531.35 3.737 (2011 - 2015)
^ 620 : 4 4.1871 189.76785714285714 4.1871 (2014 - 2017)
^ 621 : 4 11.2695 67.25949367088607 11.2695 (2011 - 2014)
^ 623 : 2 3.9452 531.35 3.9452 (2016 - 2017)
^ 632 : 3 5.8245 590.3888888888889 5.8245 (2009 - 2011)
^ 635 : 2 4.9837 531.35 4.9837 (2014 - 2015)
^ 64 : 3 6.6137 408.7307692307692 6.6137 (2012 - 2014)
^ 653 : 5 5.3903 590.3888888888889 5.3903 (2008 - 2012)
^ 660 : 3 3.4147 885.5833333333334 3.4147 (2011 - 2013)
^ 661 : 6 16.4128 50.12735849056604 16.4128 (2010 - 2015)
^ 665 : 2 6.2379 531.35 6.2379 (2011 - 2012)
^ 677 : 4 3.1042 590.3888888888889 3.1042 (2018 - )
^ 678 : 3 5.7688 354.23333333333335 5.7688 (2011 - 2013)
^ 681 : 4 2.7863 759.0714285714286 2.7863 (2012 - 2015)
^ 688 : 2 3.0915 590.3888888888889 3.0915 (2017 - 2018)
^ 69 : 4 8.8468 100.25471698113208 8.8468 (2013 - 2016)
^ 691 : 5 8.3385 69.91447368421052 8.3385 (2011 - 2015)
^ 698 : 3 8.547 354.23333333333335 8.547 (2011 - 2013)
^ 704 : 4 9.2079 279.6578947368421 9.2079 (2011 - 2014)
^ 705 : 2 4.1236 442.7916666666667 4.1236 (2017 - 2018)
^ 709 : 4 4.3808 483.04545454545456 4.3808 (2012 - 2015)
^ 710 : 2 3.2049 442.7916666666667 3.2049 (2014 - 2015)
^ 714 : 4 4.9653 332.09375 4.9653 (2013 - 2016)
^ 715 : 5 6.5321 379.5357142857143 6.5321 (2010 - 2014)
^ 717 : 2 3.1667 221.39583333333334 3.1667 (2015 - 2016)
^ 724 : 4 4.9653 332.09375 4.9653 (2013 - 2016)
^ 727 : 2 3.5387 332.09375 3.5387 (2016 - 2017)
^ 728 : 5 3.9542 295.19444444444446 3.9542 (2011 - 2015)
^ 737 : 2 3.3827 36.644827586206894 3.3827 (2013 - 2014)
^ 74 : 3 3.4147 885.5833333333334 3.4147 (2011 - 2013)
^ 743 : 5 11.6167 171.40322580645162 11.6167 (2011 - 2015)
^ 744 : 2 3.1554 664.1875 3.1554 (2016 - 2017)
^ 749 : 4 4.1406 442.7916666666667 4.1406 (2018 - )
^ 75 : 4 4.1406 442.7916666666667 4.1406 (2018 - )
^ 754 : 2 5.8065 171.40322580645162 5.8065 (2017 - 2018)
^ 755 : 3 6.0608 531.35 6.0608 (2010 - 2012)
^ 756 : 3 5.2284 189.76785714285714 5.2284 (2012 - 2014)
^ 76 : 4 3.4496 531.35 3.4496 (2018 - )
^ 764 : 4 3.4971 151.81428571428572 3.4971 (2014 - 2017)
^ 767 : 2 3.7795 483.04545454545456 3.7795 (2017 - 2018)
^ 778 : 2 3.5977 664.1875 3.5977 (2015 - 2016)
^ 783 : 3 3.5584 759.0714285714286 3.5584 (2012 - 2014)
^ 784 : 2 4.4335 664.1875 4.4335 (2013 - 2014)
^ 786 : 5 3.2304 295.19444444444446 3.2304 (2017 - )
^ 789 : 2 3.0915 590.3888888888889 3.0915 (2017 - 2018)
^ 797 : 2 6.534 483.04545454545456 6.534 (2012 - 2013)
^ 8 : 4 3.1042 590.3888888888889 3.1042 (2018 - )
^ 84 : 3 10.1845 265.675 10.1845 (2012 - 2014)
^ 92 : 3 4.7399 408.7307692307692 4.7399 (2014 - 2016)
^ 96 : 4 22.2596 51.09134615384615 22.2596 (2018 - )
^ 98 : 4 4.8319 379.5357142857143 4.8319 (2018 - )
