^ 104 : 3 3.5382 623.0 3.5382 (2011 - 2013)
^ 106 : 2 3.607 13.844444444444445 7.7265 (2013 - 2014)
^ 107 : 3 2.8084 1246.0 2.8084 (2011 - 2013)
^ 126 : 4 2.8801 91.61764705882354 2.8801 (2010 - 2013)
^ 160 : 4 3.2787 415.3333333333333 3.2787 (2013 - 2016)
^ 180 : 5 2.8529 18.163265306122447 2.8529 (2006 - 2010)
^ 195 : 4 3.6282 389.375 3.6282 (2012 - 2015)
^ 2 : 4 3.3745 346.1111111111111 3.3745 (2018 - )
^ 202 : 5 4.7841 270.8695652173913 4.7841 (2009 - 2013)
^ 210 : 4 3.9277 230.74074074074073 3.9277 (2011 - 2014)
^ 239 : 3 2.8533 890.0 2.8533 (2012 - 2014)
^ 245 : 3 7.5675 22.654545454545456 7.5675 (2010 - 2012)
^ 304 : 3 2.8084 1246.0 2.8084 (2011 - 2013)
^ 31 : 4 4.1224 445.0 4.1224 (2010 - 2013)
^ 317 : 2 3.0255 1038.3333333333333 3.0255 (2014 - 2015)
^ 322 : 3 3.5539 105.59322033898304 3.5539 (2012 - 2014)
^ 323 : 4 8.7118 94.39393939393939 8.7118 (2018 - )
^ 347 : 3 2.9617 249.2 2.9617 (2012 - 2014)
^ 352 : 7 3.2954 122.15686274509804 3.2954 (2009 - 2015)
^ 358 : 5 3.4076 296.6666666666667 3.4076 (2010 - 2014)
^ 367 : 3 3.2751 519.1666666666666 3.2751 (2011 - 2013)
^ 372 : 3 3.41 51.48760330578512 3.41 (2008 - 2010)
^ 383 : 3 4.6409 68.46153846153847 4.6409 (2010 - 2012)
^ 40 : 4 8.925 70.79545454545455 8.925 (2010 - 2013)
^ 400 : 4 3.0323 366.47058823529414 3.0323 (2018 - )
^ 410 : 2 3.867 296.6666666666667 3.867 (2010 - 2011)
^ 414 : 3 3.0478 327.89473684210526 3.0478 (2011 - 2013)
^ 432 : 3 2.8533 890.0 2.8533 (2012 - 2014)
^ 477 : 4 3.8195 389.375 3.8195 (2010 - 2013)
^ 484 : 3 3.9692 519.1666666666666 3.9692 (2011 - 2013)
^ 516 : 2 3.0779 270.8695652173913 3.0779 (2010 - 2011)
^ 527 : 3 3.0469 479.2307692307692 3.0469 (2015 - 2017)
^ 528 : 5 6.4973 75.97560975609755 6.4973 (2010 - 2014)
^ 536 : 4 9.2026 178.0 9.2026 (2018 - )
^ 55 : 4 3.2001 778.75 3.2001 (2012 - 2015)
^ 69 : 3 3.034 519.1666666666666 3.034 (2014 - 2016)
